// Jest Snapshot v1, https://goo.gl/fbAQLP

exports[`it works 1`] = `
.emotion-0 {
  grid-area: nav;
  padding: 8px 0;
}

<header
  className="emotion-0 emotion-1"
/>
`;
