// Jest Snapshot v1, https://goo.gl/fbAQLP

exports[`it works 1`] = `
<section
  className="emotion-0 emotion-1"
/>
`;

exports[`it works 2`] = `
<h1
  className="emotion-0 emotion-1"
/>
`;
