// Jest Snapshot v1, https://goo.gl/fbAQLP

exports[`it renders correctly 1`] = `
<StyledFooter>
  <p>
    a
  </p>
  <p>
    b
  </p>
  <p>
    c
  </p>
</StyledFooter>
`;
