// Jest Snapshot v1, https://goo.gl/fbAQLP

exports[`it renders 1`] = `
<StyledArticleCard>
  <a
    href="www.google.com"
  >
    <h3>
      hello
    </h3>
    <p>
      <StyledEm>
        04/07/2018
      </StyledEm>
    </p>
  </a>
</StyledArticleCard>
`;
