// Jest Snapshot v1, https://goo.gl/fbAQLP

exports[`it renders correctly 1`] = `
<Container>
  <Header>
    hello
  </Header>
  <p>
    world
  </p>
</Container>
`;
